--------- beginning of main
09-09 12:46:34.135  8427  8427 D SoulBot : start() called, launching runLoop thread
09-09 12:46:34.183  8427 10050 D SoulBot : screen=SQUARE pager=true avatar=true name=false input=false
09-09 12:46:36.318  8427 10050 D SoulBot : 点头像未进资料页，重试一次
09-09 12:46:39.894  8427 10050 D SoulBot : 点头像仍失败，跳过
09-09 12:46:41.984  8427 10050 D SoulBot : 点头像未进资料页，重试一次
09-09 12:46:46.627  8427 10050 D SoulBot : 点头像仍失败，跳过
09-09 12:46:49.797  8427 10050 D SoulBot : 点头像未进资料页，重试一次
09-09 12:46:54.450  8427 10050 D SoulBot : 点头像仍失败，跳过
09-09 12:47:02.866  8427 10050 D SoulBot : 对方要送花开聊，跳过
09-09 12:47:12.258  8427 10050 D SoulBot : 点头像未进资料页，重试一次
09-09 12:47:18.460  8427 10050 D SoulBot : 对方要送花开聊，跳过
09-09 12:47:24.837  8427 10050 D SoulBot : 对方要送花开聊，跳过
09-09 12:47:33.783  8427 10050 D SoulBot : 对方要送花开聊，跳过
09-09 12:47:40.284  8427 10050 D SoulBot : 点头像未进资料页，重试一次
09-09 12:47:52.949  8427 10050 D SoulBot : 已进聊天页发消息: 我要稳稳的幸福
09-09 12:47:54.522  8427 10050 D SoulBot : setText 未生效，改用剪贴板+粘贴键: 咋啦这是，先点个外卖把自己捞回来呗😅
09-09 12:47:55.060  8427 10050 D SoulBot : 粘贴键注入失败: null cannot be cast to non-null type android.app.UiAutomation
09-09 12:47:56.061  8427 10050 D SoulBot : 粘贴键结果: ok=false 当前=或许先去对方主页点个赞吧
09-09 12:53:46.964 15379 15379 D SoulBot : start() called, launching runLoop thread
09-09 12:53:47.018 15379 16446 D SoulBot : screen=SQUARE pager=true avatar=true name=false input=false
09-09 12:53:48.008 15379 16446 D SoulBot : screen=LIST pager=false avatar=false name=true input=false
09-09 12:54:08.002 15379 15379 D SoulBot : start() called, launching runLoop thread
09-09 12:54:08.053 15379 17118 D SoulBot : screen=CHAT pager=false avatar=false name=false input=true
